---
source: src/par_test.rs
expression: "parse_snap(r\"\nlet f: (number) -> number = fn (a){ a * 2 };\n\")"
---
stmts:
  - Let:
      - span:
          line: 2
          col: 5
          fragment: f
      - Func:
          - - TypeIdent:
                - line: 2
                  col: 9
                  fragment: number
                - []
          - TypeIdent:
              - line: 2
                col: 20
                fragment: number
              - []
      - Func:
          - - - span:
                  line: 2
                  col: 33
                  fragment: a
              - ~
          - Block:
              stmts: []
              ret:
                BinaryOp:
                  - Ident:
                      span:
                        line: 2
                        col: 37
                        fragment: a
                  - line: 2
                    col: 39
                    fragment: "*"
                  - Number:
                      span:
                        line: 2
                        col: 41
                        fragment: "2"
          - ~
ret: ~

